https://web.archive.org/web/20190912043335/https://twitter.com/NekroVEVO/status/1168877515537960960
https://web.archive.org/web/20190912033639/https://twitter.com/NekroVEVO/status/1168944335007756289
https://web.archive.org/web/20190912073457/https://twitter.com/NekroVEVO/status/1168944807722520577
https://web.archive.org/web/20190912140409/https://twitter.com/NekroVEVO/status/1168946278035857410
https://web.archive.org/web/20190913041508/https://twitter.com/NekroVEVO/status/1168947331020021760
https://web.archive.org/web/20190912074609/https://twitter.com/NekroVEVO/status/1168948494343782401
https://web.archive.org/web/20190912120434/https://twitter.com/NekroVEVO/status/1168951271656775682
https://web.archive.org/web/20190912053912/https://twitter.com/NekroVEVO/status/1168991752461737986
https://web.archive.org/web/20190912043335/https://twitter.com/NekroVEVO/status/1168877515537960960
https://web.archive.org/web/20190912033639/https://twitter.com/NekroVEVO/status/1168944335007756289
https://web.archive.org/web/20190918023045/https://twitter.com/NekroVEVO/status/1169346060784820225
https://web.archive.org/web/20190918022713/https://twitter.com/NekroVEVO/status/1169346094137888768
https://web.archive.org/web/20190918023619/https://twitter.com/NekroVEVO/status/1169346854326173696
https://web.archive.org/web/20190918023045/https://twitter.com/NekroVEVO/status/1169346060784820225
https://web.archive.org/web/20190920071228/https://twitter.com/NekroVEVO/status/1169673127615324160
https://web.archive.org/web/20190920071845/https://twitter.com/NekroVEVO/status/1169673378501758976
https://web.archive.org/web/20190920232547/https://twitter.com/NekroVEVO/status/1169784053798776833
https://web.archive.org/web/20190925163212/https://twitter.com/NekroVEVO/status/1171234265335353344
https://web.archive.org/web/20190925191235/https://twitter.com/NekroVEVO/status/1171274165308903430
https://web.archive.org/web/20190926222150/https://twitter.com/NekroVEVO/status/1171545425091776512
https://web.archive.org/web/20190926220947/https://twitter.com/NekroVEVO/status/1171546117986639873
https://web.archive.org/web/20190926222208/https://twitter.com/NekroVEVO/status/1171547480997056512
